// Jest Snapshot v1, https://goo.gl/fbAQLP

exports[`App test suite renders 1`] = `
<RNCSafeAreaProvider
  onInsetsChange={[Function]}
  style={
    [
      {
        "flex": 1,
      },
      undefined,
    ]
  }
/>
`;

exports[`App test suite renders if SplashScreen has a failure 1`] = `
<RNCSafeAreaProvider
  onInsetsChange={[Function]}
  style={
    [
      {
        "flex": 1,
      },
      undefined,
    ]
  }
/>
`;
