// Jest Snapshot v1, https://goo.gl/fbAQLP

exports[`SettingsScreen test suite renders 1`] = `
Array [
  <Text
    style={
      Object {
        "fontSize": 15,
        "paddingLeft": 10,
        "paddingVertical": 2,
      }
    }
  >
    Name
  </Text>,
  <TextInput
    allowFontScaling={true}
    maxLength={50}
    onChangeText={[Function]}
    onSubmitEditing={[Function]}
    placeholder="Enter your name"
    rejectResponderTermination={true}
    returnKeyType="done"
    style={
      Object {
        "backgroundColor": "#efefef",
        "borderColor": "gray",
        "borderRadius": 4,
        "borderWidth": 1,
        "marginLeft": 10,
        "marginRight": 10,
        "paddingHorizontal": 15,
        "paddingVertical": 15,
      }
    }
    underlineColorAndroid="transparent"
  />,
  <Text
    style={
      Object {
        "fontSize": 15,
        "paddingLeft": 10,
        "paddingVertical": 2,
      }
    }
  >
    Organization
  </Text>,
  <TextInput
    allowFontScaling={true}
    maxLength={50}
    onChangeText={[Function]}
    placeholder="Enter the organization you belong to (if any)"
    rejectResponderTermination={true}
    returnKeyType="done"
    style={
      Object {
        "backgroundColor": "#efefef",
        "borderColor": "gray",
        "borderRadius": 4,
        "borderWidth": 1,
        "marginLeft": 10,
        "marginRight": 10,
        "paddingHorizontal": 15,
        "paddingVertical": 15,
      }
    }
    underlineColorAndroid="transparent"
  />,
  <Text
    style={
      Object {
        "fontSize": 15,
        "paddingLeft": 10,
        "paddingVertical": 2,
      }
    }
  >
    Notifications
  </Text>,
  <View
    style={
      Object {
        "alignItems": "center",
        "backgroundColor": "#efefef",
        "borderColor": "gray",
        "borderRadius": 4,
        "borderWidth": 1,
        "flexDirection": "row",
        "justifyContent": "space-between",
        "marginLeft": 10,
        "marginRight": 10,
        "paddingVertical": 10,
      }
    }
  >
    <Text
      style={
        Object {
          "fontSize": 15,
          "paddingLeft": 10,
          "paddingVertical": 2,
        }
      }
    >
      Show Manual Coordinates Warning
    </Text>
    <RCTSwitch
      accessibilityRole="switch"
      onChange={[Function]}
      onResponderTerminationRequest={[Function]}
      onStartShouldSetResponder={[Function]}
      style={
        Array [
          Object {
            "height": 31,
            "width": 51,
          },
          Object {
            "borderColor": "black",
            "marginRight": 10,
          },
        ]
      }
      value={true}
    />
  </View>,
  <Text
    style={
      Object {
        "fontSize": 15,
        "paddingLeft": 10,
        "paddingVertical": 2,
      }
    }
  >
    Snow Algae Atlas
  </Text>,
  <View
    style={
      Object {
        "alignItems": "center",
        "backgroundColor": "#efefef",
        "borderColor": "gray",
        "borderRadius": 4,
        "borderWidth": 1,
        "flexDirection": "row",
        "justifyContent": "space-between",
        "marginLeft": 10,
        "marginRight": 10,
        "paddingVertical": 10,
      }
    }
  >
    <Text
      style={
        Object {
          "fontSize": 15,
          "paddingLeft": 10,
          "paddingVertical": 2,
        }
      }
    >
      Show Atlas Records
    </Text>
    <RCTSwitch
      accessibilityRole="switch"
      disabled={false}
      onChange={[Function]}
      onResponderTerminationRequest={[Function]}
      onStartShouldSetResponder={[Function]}
      style={
        Array [
          Object {
            "height": 31,
            "width": 51,
          },
          Object {
            "borderColor": "black",
            "marginRight": 10,
          },
        ]
      }
      value={false}
    />
  </View>,
  <View
    style={
      Array [
        Object {
          "alignItems": "center",
          "backgroundColor": "#efefef",
          "borderColor": "gray",
          "borderRadius": 4,
          "borderWidth": 1,
          "flexDirection": "row",
          "justifyContent": "space-between",
          "marginLeft": 10,
          "marginRight": 10,
          "paddingVertical": 10,
        },
        Object {
          "marginTop": 5,
        },
      ]
    }
  >
    <Text
      style={
        Object {
          "fontSize": 15,
          "paddingLeft": 10,
          "paddingVertical": 2,
        }
      }
    >
      Show Only Atlas Records
    </Text>
    <RCTSwitch
      accessibilityRole="switch"
      disabled={true}
      onChange={[Function]}
      onResponderTerminationRequest={[Function]}
      onStartShouldSetResponder={[Function]}
      style={
        Array [
          Object {
            "height": 31,
            "width": 51,
          },
          Object {
            "borderColor": "black",
            "marginRight": 10,
          },
        ]
      }
      value={false}
    />
  </View>,
]
`;
