// Jest Snapshot v1, https://goo.gl/fbAQLP

exports[`SettingsScreen test suite renders 1`] = `
Array [
  <Text
    style={
      Object {
        "fontSize": 15,
        "paddingLeft": 10,
        "paddingVertical": 2,
      }
    }
  >
    Name
  </Text>,
  <TextInput
    maxLength={50}
    onChangeText={[Function]}
    onSubmitEditing={[Function]}
    placeholder="Enter your name"
    returnKeyType="done"
    style={
      Object {
        "backgroundColor": "#efefef",
        "borderColor": "gray",
        "borderRadius": 4,
        "borderWidth": 1,
        "marginLeft": 10,
        "marginRight": 10,
        "paddingHorizontal": 15,
        "paddingVertical": 15,
      }
    }
  />,
  <Text
    style={
      Object {
        "fontSize": 15,
        "paddingLeft": 10,
        "paddingVertical": 2,
      }
    }
  >
    Organization
  </Text>,
  <TextInput
    maxLength={50}
    onChangeText={[Function]}
    placeholder="Enter organization you belong to (if any)"
    returnKeyType="done"
    style={
      Object {
        "backgroundColor": "#efefef",
        "borderColor": "gray",
        "borderRadius": 4,
        "borderWidth": 1,
        "marginLeft": 10,
        "marginRight": 10,
        "paddingHorizontal": 15,
        "paddingVertical": 15,
      }
    }
  />,
  <Text
    style={
      Object {
        "fontSize": 15,
        "paddingLeft": 10,
        "paddingVertical": 2,
      }
    }
  >
    Notifications
  </Text>,
  <View
    style={
      Object {
        "alignItems": "center",
        "backgroundColor": "#efefef",
        "borderColor": "gray",
        "borderRadius": 4,
        "borderWidth": 1,
        "flexDirection": "row",
        "justifyContent": "space-between",
        "marginLeft": 10,
        "marginRight": 10,
        "paddingVertical": 10,
      }
    }
  >
    <Text
      style={
        Object {
          "fontSize": 15,
          "paddingLeft": 10,
          "paddingVertical": 2,
        }
      }
    >
      Show Manual Coordinates Warning
    </Text>
    <RCTSwitch
      accessibilityRole="switch"
      onChange={[Function]}
      onResponderTerminationRequest={[Function]}
      onStartShouldSetResponder={[Function]}
      style={
        Array [
          Object {
            "height": 31,
            "width": 51,
          },
          Object {
            "borderColor": "black",
            "marginRight": 10,
          },
        ]
      }
      testID="settings-screen-show-gps-warning"
      value={true}
    />
  </View>,
]
`;
