// Jest Snapshot v1, https://goo.gl/fbAQLP

exports[`HeaderButton test suite renders left on ios 1`] = `
<RNCSafeAreaProvider
  onInsetsChange={[Function]}
  style={
    Array [
      Object {
        "flex": 1,
      },
      undefined,
    ]
  }
>
  <View
    accessible={true}
    collapsable={false}
    dataSet={Object {}}
    focusable={true}
    onBlur={[Function]}
    onClick={[Function]}
    onFocus={[Function]}
    onResponderGrant={[Function]}
    onResponderMove={[Function]}
    onResponderRelease={[Function]}
    onResponderTerminate={[Function]}
    onResponderTerminationRequest={[Function]}
    onStartShouldSetResponder={[Function]}
    style={
      Object {
        "marginLeft": 24,
      }
    }
    testID="test-button"
  >
    <Text />
  </View>
</RNCSafeAreaProvider>
`;

exports[`HeaderButton test suite renders right on android 1`] = `
<RNCSafeAreaProvider
  onInsetsChange={[Function]}
  style={
    Array [
      Object {
        "flex": 1,
      },
      undefined,
    ]
  }
>
  <View
    accessible={true}
    collapsable={false}
    dataSet={Object {}}
    focusable={true}
    onBlur={[Function]}
    onClick={[Function]}
    onFocus={[Function]}
    onResponderGrant={[Function]}
    onResponderMove={[Function]}
    onResponderRelease={[Function]}
    onResponderTerminate={[Function]}
    onResponderTerminationRequest={[Function]}
    onStartShouldSetResponder={[Function]}
    style={
      Object {
        "marginRight": 24,
      }
    }
    testID="test-button"
  >
    <Text
      allowFontScaling={false}
      selectable={false}
      style={
        Array [
          Object {
            "color": "#0891b2",
            "fontSize": 32,
          },
          undefined,
          Object {
            "fontFamily": "ionicons",
            "fontStyle": "normal",
            "fontWeight": "normal",
          },
          Object {},
        ]
      }
      testID="snow"
    >
      ï”¬
    </Text>
  </View>
</RNCSafeAreaProvider>
`;
