// Jest Snapshot v1, https://goo.gl/fbAQLP

exports[`KeyboardShift test suite renders on android 1`] = `<TextInput />`;

exports[`KeyboardShift test suite renders on ios 1`] = `<TextInput />`;
