// Jest Snapshot v1, https://goo.gl/fbAQLP

exports[`validates Welcome Screen navigation 1`] = `
<RNCSafeAreaProvider
  onInsetsChange={[Function]}
  style={
    Array [
      Object {
        "flex": 1,
      },
      undefined,
    ]
  }
>
  <View
    dataSet={Object {}}
    style={
      Object {
        "marginTop": 8,
        "paddingLeft": 12,
        "paddingRight": 12,
      }
    }
  >
    <View
      dataSet={Object {}}
      style={
        Object {
          "alignItems": "center",
          "flexDirection": "row",
          "justifyContent": "space-between",
        }
      }
    >
      <Text />
      <View
        dataSet={Object {}}
        style={Object {}}
      />
      <Text />
      <View
        dataSet={Object {}}
        style={Object {}}
      />
      <View
        dataSet={Object {}}
        style={Object {}}
      >
        <Text
          dataSet={Object {}}
          style={
            Object {
              "backgroundColor": undefined,
              "color": "#db2777",
              "fontFamily": undefined,
              "fontSize": 20,
              "fontStyle": "normal",
              "fontWeight": "700",
              "letterSpacing": 0,
              "lineHeight": 30,
              "textDecorationLine": undefined,
            }
          }
        >
          Living Snow Project
        </Text>
        <View
          dataSet={Object {}}
          style={Object {}}
        />
        <Text
          dataSet={Object {}}
          style={
            Object {
              "backgroundColor": undefined,
              "color": "#ec4899",
              "fontFamily": undefined,
              "fontSize": 14,
              "fontStyle": "normal",
              "fontWeight": "400",
              "letterSpacing": 0,
              "lineHeight": 21,
              "textDecorationLine": undefined,
            }
          }
        >
          See pink snow? Let us know!
        </Text>
      </View>
      <View
        dataSet={Object {}}
        style={Object {}}
      />
      <Text />
      <View
        dataSet={Object {}}
        style={Object {}}
      />
      <Text />
    </View>
    <Text
      dataSet={Object {}}
      style={
        Object {
          "backgroundColor": undefined,
          "color": "#171717",
          "fontFamily": undefined,
          "fontSize": 14,
          "fontStyle": "normal",
          "fontWeight": "400",
          "letterSpacing": 0,
          "lineHeight": 21,
          "marginBottom": 8,
          "marginTop": 8,
          "textDecorationLine": undefined,
        }
      }
    >
      Let us know who you are or remain anonymous. You can update your profile at any time in the Settings tab.
    </Text>
    <View
      dataSet={Object {}}
      isInvalid={false}
      isRequired={false}
      style={
        Object {
          "width": "100%",
        }
      }
    >
      <View
        dataSet={Object {}}
        feedbackId="field-3-feedback"
        hasFeedbackText={true}
        hasHelpText={false}
        helpTextId="field-3-helptext"
        isDisabled={false}
        isInvalid={false}
        isReadOnly={false}
        isRequired={false}
        labelId="field-3-label"
        nativeID="field-3-label"
        setHasFeedbackText={[Function]}
        setHasHelpText={[Function]}
        style={
          Object {
            "flexDirection": "row",
            "justifyContent": "flex-start",
            "marginBottom": 4,
            "marginTop": 4,
          }
        }
      >
        <Text
          dataSet={Object {}}
          style={
            Object {
              "backgroundColor": undefined,
              "color": "#737373",
              "fontFamily": undefined,
              "fontSize": 14,
              "fontStyle": "normal",
              "fontWeight": "500",
              "letterSpacing": 0,
              "lineHeight": 21,
              "textDecorationLine": undefined,
            }
          }
        >
          Name
        </Text>
      </View>
      <View
        dataSet={Object {}}
        isFocused={false}
        style={
          Object {
            "alignItems": "center",
            "borderColor": "#d4d4d4",
            "borderRadius": 4,
            "borderWidth": 1,
            "flexDirection": "row",
            "overflow": "hidden",
          }
        }
      >
        <TextInput
          accessibilityDescribedBy="field-3-feedback"
          accessible={true}
          blurOnSubmit={false}
          dataSet={Object {}}
          disabled={false}
          editable={true}
          isRequired={false}
          maxLength={50}
          nativeID="field-3-input"
          onBlur={[Function]}
          onChangeText={[Function]}
          onFocus={[Function]}
          onKeyPress={[Function]}
          onSubmitEditing={[Function]}
          placeholder="Enter your name"
          placeholderTextColor="#a3a3a3"
          readOnly={false}
          required={false}
          returnKeyType="done"
          secureTextEntry={false}
          style={
            Object {
              "backgroundColor": "transparent",
              "color": "#171717",
              "flex": 1,
              "fontFamily": undefined,
              "fontSize": 16,
              "fontStyle": "normal",
              "fontWeight": "400",
              "height": "100%",
              "paddingBottom": 8,
              "paddingLeft": 12,
              "paddingRight": 12,
              "paddingTop": 8,
              "width": "100%",
            }
          }
        />
      </View>
    </View>
    <View
      dataSet={Object {}}
      isInvalid={false}
      isRequired={false}
      style={
        Object {
          "width": "100%",
        }
      }
    >
      <View
        dataSet={Object {}}
        feedbackId="field-4-feedback"
        hasFeedbackText={true}
        hasHelpText={false}
        helpTextId="field-4-helptext"
        isDisabled={false}
        isInvalid={false}
        isReadOnly={false}
        isRequired={false}
        labelId="field-4-label"
        nativeID="field-4-label"
        setHasFeedbackText={[Function]}
        setHasHelpText={[Function]}
        style={
          Object {
            "flexDirection": "row",
            "justifyContent": "flex-start",
            "marginBottom": 4,
            "marginTop": 4,
          }
        }
      >
        <Text
          dataSet={Object {}}
          style={
            Object {
              "backgroundColor": undefined,
              "color": "#737373",
              "fontFamily": undefined,
              "fontSize": 14,
              "fontStyle": "normal",
              "fontWeight": "500",
              "letterSpacing": 0,
              "lineHeight": 21,
              "textDecorationLine": undefined,
            }
          }
        >
          Organization
        </Text>
      </View>
      <View
        dataSet={Object {}}
        isFocused={false}
        style={
          Object {
            "alignItems": "center",
            "borderColor": "#d4d4d4",
            "borderRadius": 4,
            "borderWidth": 1,
            "flexDirection": "row",
            "overflow": "hidden",
          }
        }
      >
        <TextInput
          accessibilityDescribedBy="field-4-feedback"
          accessible={true}
          blurOnSubmit={true}
          dataSet={Object {}}
          disabled={false}
          editable={true}
          isRequired={false}
          maxLength={50}
          nativeID="field-4-input"
          onBlur={[Function]}
          onChangeText={[Function]}
          onFocus={[Function]}
          onKeyPress={[Function]}
          onSubmitEditing={[Function]}
          placeholder="Enter organization you belong to (if any)"
          placeholderTextColor="#a3a3a3"
          readOnly={false}
          required={false}
          returnKeyType="done"
          secureTextEntry={false}
          style={
            Object {
              "backgroundColor": "transparent",
              "color": "#171717",
              "flex": 1,
              "fontFamily": undefined,
              "fontSize": 16,
              "fontStyle": "normal",
              "fontWeight": "400",
              "height": "100%",
              "paddingBottom": 8,
              "paddingLeft": 12,
              "paddingRight": 12,
              "paddingTop": 8,
              "width": "100%",
            }
          }
        />
      </View>
    </View>
    <View
      dataSet={Object {}}
      style={
        Object {
          "alignItems": "center",
        }
      }
    >
      <View
        accessibilityRole="button"
        accessible={true}
        collapsable={false}
        colorScheme="primary"
        dataSet={Object {}}
        focusable={true}
        onBlur={[Function]}
        onClick={[Function]}
        onFocus={[Function]}
        onResponderGrant={[Function]}
        onResponderMove={[Function]}
        onResponderRelease={[Function]}
        onResponderTerminate={[Function]}
        onResponderTerminationRequest={[Function]}
        onStartShouldSetResponder={[Function]}
        style={
          Object {
            "alignItems": "center",
            "backgroundColor": "#0891b2",
            "borderRadius": 4,
            "flexDirection": "row",
            "justifyContent": "center",
            "marginTop": 20,
            "paddingBottom": 10,
            "paddingLeft": 12,
            "paddingRight": 12,
            "paddingTop": 10,
            "width": 200,
          }
        }
      >
        <View
          dataSet={Object {}}
          style={
            Object {
              "alignItems": "center",
              "flexDirection": "row",
            }
          }
          test={true}
        >
          <View
            dataSet={Object {}}
            style={Object {}}
          >
            <Text
              dataSet={Object {}}
              style={
                Object {
                  "backgroundColor": undefined,
                  "color": "#fafafa",
                  "fontFamily": undefined,
                  "fontSize": 14,
                  "fontStyle": "normal",
                  "fontWeight": "400",
                  "letterSpacing": 0,
                  "lineHeight": 21,
                  "textDecorationLine": undefined,
                }
              }
            >
              Start Reporting
            </Text>
          </View>
        </View>
      </View>
    </View>
  </View>
</RNCSafeAreaProvider>
`;
