// Jest Snapshot v1, https://goo.gl/fbAQLP

exports[`HeaderButton test suite renders left on ios 1`] = `
<View
  accessible={true}
  collapsable={false}
  focusable={true}
  onBlur={[Function]}
  onClick={[Function]}
  onFocus={[Function]}
  onResponderGrant={[Function]}
  onResponderMove={[Function]}
  onResponderRelease={[Function]}
  onResponderTerminate={[Function]}
  onResponderTerminationRequest={[Function]}
  onStartShouldSetResponder={[Function]}
  style={
    Array [
      Object {
        "left": 25,
      },
      Object {
        "opacity": 1,
      },
    ]
  }
  testID="test-button"
>
  <Text />
</View>
`;

exports[`HeaderButton test suite renders right on android 1`] = `
<View
  accessible={true}
  collapsable={false}
  focusable={true}
  onBlur={[Function]}
  onClick={[Function]}
  onFocus={[Function]}
  onResponderGrant={[Function]}
  onResponderMove={[Function]}
  onResponderRelease={[Function]}
  onResponderTerminate={[Function]}
  onResponderTerminationRequest={[Function]}
  onStartShouldSetResponder={[Function]}
  style={
    Array [
      Object {
        "right": 25,
      },
      Object {
        "opacity": 1,
      },
    ]
  }
  testID="test-button"
>
  <Text
    allowFontScaling={false}
    selectable={false}
    style={
      Array [
        Object {
          "color": "#ccc",
          "fontSize": 32,
        },
        undefined,
        Object {
          "fontFamily": "ionicons",
          "fontStyle": "normal",
          "fontWeight": "normal",
        },
        Object {},
      ]
    }
    testID="snow"
  >
    ï”¬
  </Text>
</View>
`;
